<html>
<body>
<pre>
<h1>µVision Build Log</h1>
<h2>Tool Versions:</h2>
IDE-Version: µVision V5.14.0.0
Copyright (C) 2015 ARM Ltd and ARM Germany GmbH. All rights reserved.
License Information: !!! Microsoft, Microsoft, LIC=QF830-B74JA-EVB1R-KXAMT-GL923-6WCMT
 
Tool Versions:
Toolchain:       MDK-ARM Standard  Version: 5.14.0.0
Toolchain Path:  C:\Keil_v5\ARM\ARMCC\Bin
C Compiler:      Armcc.exe V5.05 update 1 (build 106)
Assembler:       Armasm.exe V5.05 update 1 (build 106)
Linker/Locator:  ArmLink.exe V5.05 update 1 (build 106)
Library Manager: ArmAr.exe V5.05 update 1 (build 106)
Hex Converter:   FromElf.exe V5.05 update 1 (build 106)
CPU DLL:         SARMCM3.DLL V5.14.0.0
Dialog DLL:      DCM.DLL V1.13.1.0
Target DLL:      Segger\JL2CM3.dll V2.99.13.0
Dialog DLL:      TCM.DLL V1.14.4.0
 
<h2>Project:</h2>
D:\Repos\TIK-REG\MDK-ARM\BB2.uvprojx
Project File Date:  10/30/2019

<h2>Output:</h2>
Build target 'BB2'
compiling LogSD.c...
../Inc/LogSD.h(12): warning:  #1295-D: Deprecated declaration MBusMasterPlaner - give arg types
  void MBusMasterPlaner();
../Inc/LogSD.h(16): warning:  #1295-D: Deprecated declaration TCP_GSM_Listener - give arg types
  void TCP_GSM_Listener();
../Inc/lwipopts.h(157): warning:  #47-D: incompatible redefinition of macro "LWIP_STATS" (declared at line 123)
  #define LWIP_STATS 1
..\Src\LogSD.c(131): warning:  #177-D: variable "heap" was declared but never referenced
        size_t heap;
..\Src\LogSD.c(284): warning:  #177-D: variable "i" was declared but never referenced
        unsigned int ad, n, j, i; 
..\Src\LogSD.c(523): warning:  #177-D: variable "token_buff" was declared but never referenced
        char* token_buff;       
..\Src\LogSD.c(524): warning:  #177-D: variable "a" was declared but never referenced
        unsigned short int a,b,c, time;
..\Src\LogSD.c(524): warning:  #177-D: variable "b" was declared but never referenced
        unsigned short int a,b,c, time;
..\Src\LogSD.c(524): warning:  #177-D: variable "c" was declared but never referenced
        unsigned short int a,b,c, time;
..\Src\LogSD.c(524): warning:  #550-D: variable "time" was set but never used
        unsigned short int a,b,c, time;
..\Src\LogSD.c(525): warning:  #177-D: variable "ad1" was declared but never referenced
        u32_t ad1,ad2;
..\Src\LogSD.c(525): warning:  #177-D: variable "ad2" was declared but never referenced
        u32_t ad1,ad2;
..\Src\LogSD.c(604): warning:  #188-D: enumerated type mixed with another type
                                                        result = osSemaphoreWait(SemPlan, Timeout);
..\Src\LogSD.c(637): warning:  #188-D: enumerated type mixed with another type
                                                result = osSemaphoreWait(SemPlan, Timeout);
..\Src\LogSD.c(593): warning:  #550-D: variable "result" was set but never used
                osStatus result = osOK;
..\Src\LogSD.c(845): warning:  #940-D: missing return statement at end of non-void function "CreateLOG"
  }
..\Src\LogSD.c(684): warning:  #177-D: variable "sdatestructureget" was declared but never referenced
        RTC_DateTypeDef sdatestructureget;
..\Src\LogSD.c(685): warning:  #177-D: variable "stimestructureget" was declared but never referenced
    RTC_TimeTypeDef stimestructureget;
..\Src\LogSD.c(688): warning:  #550-D: variable "p" was set but never used
  char p=0;
..\Src\LogSD.c(704): warning:  #177-D: label "refresh" was declared but never referenced
  refresh:
..\Src\LogSD.c(873): warning:  #177-D: variable "b" was declared but never referenced
        unsigned int p = 0, b, c;
..\Src\LogSD.c(1295): warning:  #167-D: argument of type "unsigned char *" is incompatible with parameter of type "const char *"
                len = strlen(&win[i][0]);
..\Src\LogSD.c(1725): warning:  #940-D: missing return statement at end of non-void function "convert_utf8"
  }
..\Src\LogSD.c(1745): warning:  #167-D: argument of type "char *" is incompatible with parameter of type "unsigned char *"
        SendGSM(SFSAstat, strlen(SFSAstat));
..\Src\LogSD.c(1748): warning:  #167-D: argument of type "char *" is incompatible with parameter of type "unsigned char *"
        SendGSM(cmd, strlen(cmd));
..\Src\LogSD.c(1753): warning:  #167-D: argument of type "char *" is incompatible with parameter of type "unsigned char *"
        SendGSM(SFSAwrite, strlen(SFSAwrite));
..\Src\LogSD.c(1754): warning:  #167-D: argument of type "unsigned char *" is incompatible with parameter of type "const char *"
        while(strstr(data_com3_IN, "CONNECT")==0)
..\Src\LogSD.c(1760): warning:  #167-D: argument of type "unsigned char *" is incompatible with parameter of type "const char *"
                        while(strstr(data_com3_IN, "^SFSA: 0")==0)
..\Src\LogSD.c(1765): warning:  #167-D: argument of type "char *" is incompatible with parameter of type "unsigned char *"
  SendGSM(SFSAclose, strlen(SFSAclose));
..\Src\LogSD.c(1739): warning:  #177-D: variable "SFSAopen" was declared but never referenced
        char* SFSAopen = "AT^SFSA=\"open\", a:/%s, 2";
..\Src\LogSD.c(1819): warning:  #167-D: argument of type "char *" is incompatible with parameter of type "unsigned char *"
        SendGSM(cmgf, strlen(cmgf));
..\Src\LogSD.c(1821): warning:  #167-D: argument of type "char *" is incompatible with parameter of type "unsigned char *"
        SendGSM(cmee, strlen(cmee));
..\Src\LogSD.c(1823): warning:  #167-D: argument of type "char *" is incompatible with parameter of type "unsigned char *"
        SendGSM(ate, strlen(ate));
..\Src\LogSD.c(1828): warning:  #167-D: argument of type "char *" is incompatible with parameter of type "unsigned char *"
        SendGSM(&cmd[i][0], strlen(&cmd[i][0]));
..\Src\LogSD.c(1832): warning:  #167-D: argument of type "char *" is incompatible with parameter of type "unsigned char *"
        SendGSM(&cmd[20][0], strlen(&cmd[20][0])); 
..\Src\LogSD.c(1874): warning:  #167-D: argument of type "unsigned char *" is incompatible with parameter of type "const char *"
                        SendGSM(buf2, strlen(buf2));
..\Src\LogSD.c(1881): warning:  #167-D: argument of type "unsigned char *" is incompatible with parameter of type "const char *"
                                        if(strstr(data_com3_IN, "ERROR")!=0)
..\Src\LogSD.c(1887): warning:  #167-D: argument of type "unsigned char *" is incompatible with parameter of type "const char *"
                                        OK = strstr(data_com3_IN, "^SISW: 5,");
..\Src\LogSD.c(1912): warning:  #167-D: argument of type "unsigned char *" is incompatible with parameter of type "const char *"
                                        if(strstr(data_com3_IN, "ERROR")!=0)
..\Src\LogSD.c(1917): warning:  #167-D: argument of type "unsigned char *" is incompatible with parameter of type "const char *"
                                        OK = strstr(data_com3_IN, "OK");
..\Src\LogSD.c(1961): warning:  #167-D: argument of type "char *" is incompatible with parameter of type "unsigned char *"
                SendGSM(&cmd[23][0], strlen(&cmd[23][0]));
..\Src\LogSD.c(1777): warning:  #550-D: variable "f_err" was set but never used
        FRESULT f_err;
..\Src\LogSD.c(1778): warning:  #177-D: variable "len" was declared but never referenced
        char len;
..\Src\LogSD.c(1783): warning:  #177-D: variable "cfun" was declared but never referenced
        char *cfun = "at+cfun=1";
..\Src\LogSD.c(1784): warning:  #177-D: variable "sxrat" was declared but never referenced
        char *sxrat = "at^sxrat=2";
..\Src\LogSD.c(1785): warning:  #177-D: variable "sist" was declared but never referenced
        char *sist = "at^sist=5";
..\Src\LogSD.c(1787): warning:  #177-D: variable "scfg" was declared but never referenced
        char *scfg = "at+creg=2";
..\Src\LogSD.c(1788): warning:  #177-D: variable "creg" was declared but never referenced
        char *creg = "at+creg?";
..\Src\LogSD.c(2005): warning:  #167-D: argument of type "char *" is incompatible with parameter of type "unsigned char *"
        SendGSM(cmgf, strlen(cmgf));
..\Src\LogSD.c(2007): warning:  #167-D: argument of type "char *" is incompatible with parameter of type "unsigned char *"
        SendGSM(cfun, strlen(cfun));
..\Src\LogSD.c(2009): warning:  #167-D: argument of type "char *" is incompatible with parameter of type "unsigned char *"
        SendGSM(sxrat, strlen(sxrat));
..\Src\LogSD.c(2011): warning:  #167-D: argument of type "char *" is incompatible with parameter of type "unsigned char *"
        SendGSM(cmee, strlen(cmee));
..\Src\LogSD.c(2013): warning:  #167-D: argument of type "char *" is incompatible with parameter of type "unsigned char *"
        SendGSM(ate, strlen(ate));
..\Src\LogSD.c(2018): warning:  #167-D: argument of type "char *" is incompatible with parameter of type "unsigned char *"
        SendGSM(&cmd[i][0], strlen(&cmd[i][0]));
..\Src\LogSD.c(2024): warning:  #167-D: argument of type "char *" is incompatible with parameter of type "unsigned char *"
                SendGSM(&cmd[20][0], strlen(&cmd[20][0])); 
..\Src\LogSD.c(2027): warning:  #167-D: argument of type "char *" is incompatible with parameter of type "unsigned char *"
                SendGSM(sist, strlen(sist));
..\Src\LogSD.c(2031): warning:  #167-D: argument of type "unsigned char *" is incompatible with parameter of type "const char *"
                if(strstr(data_com3_IN, "CONNECT")!=0)
..\Src\LogSD.c(2047): warning:  #167-D: argument of type "unsigned char *" is incompatible with parameter of type "const char *"
                        if(strstr(data_com3_IN, "closed")!=0 || strstr(data_com3_IN, "^SISR: ")!=0)
..\Src\LogSD.c(2047): warning:  #167-D: argument of type "unsigned char *" is incompatible with parameter of type "const char *"
                        if(strstr(data_com3_IN, "closed")!=0 || strstr(data_com3_IN, "^SISR: ")!=0)
..\Src\LogSD.c(2055): warning:  #167-D: argument of type "char *" is incompatible with parameter of type "unsigned char *"
                SendGSMTrans(&cmd[14][0], strlen(&cmd[14][0]));
..\Src\LogSD.c(2058): warning:  #167-D: argument of type "char *" is incompatible with parameter of type "unsigned char *"
                SendGSM(&cmd[13][0], strlen(&cmd[13][0])); 
..\Src\LogSD.c(1974): warning:  #177-D: variable "len" was declared but never referenced
                char len;
..\Src\LogSD.c(1975): warning:  #177-D: variable "buf2" was declared but never referenced
        unsigned char buf2[20];
..\Src\LogSD.c(1976): warning:  #177-D: variable "OK" was declared but never referenced
        char* OK;
..\Src\LogSD.c(2116): warning:  #167-D: argument of type "unsigned char *" is incompatible with parameter of type "const char *"
                if(strlen(&smsMSG[4][0])!=0)
..\Src\LogSD.c(2128): warning:  #167-D: argument of type "char *" is incompatible with parameter of type "unsigned char *"
                        SendGSM(&cmd[i][0], strlen(&cmd[i][0]));
..\Src\LogSD.c(2133): warning:  #167-D: argument of type "char *" is incompatible with parameter of type "unsigned char *"
        SendGSM(&cmd[20][0], strlen(&cmd[20][0])); 
..\Src\LogSD.c(2139): warning:  #167-D: argument of type "char *" is incompatible with parameter of type "unsigned char *"
        SendGSM(sist, strlen(sist));
..\Src\LogSD.c(2144): warning:  #167-D: argument of type "char *" is incompatible with parameter of type "unsigned char *"
        SendGSM(&cmd[2][0], strlen(&cmd[2][0]));
..\Src\LogSD.c(2147): warning:  #167-D: argument of type "char *" is incompatible with parameter of type "unsigned char *"
        SendGSM(&cmd[3][0], strlen(&cmd[3][0]));
..\Src\LogSD.c(2150): warning:  #167-D: argument of type "char *" is incompatible with parameter of type "unsigned char *"
        SendGSM(&cmd[18][0], strlen(&cmd[18][0]));
..\Src\LogSD.c(2155): warning:  #167-D: argument of type "char *" is incompatible with parameter of type "unsigned char *"
        SendGSM(BIN, strlen(BIN));
..\Src\LogSD.c(2158): warning:  #167-D: argument of type "char *" is incompatible with parameter of type "unsigned char *"
        SendGSM(PASV, strlen(PASV));
..\Src\LogSD.c(2164): warning:  #167-D: argument of type "unsigned char *" is incompatible with parameter of type "char *"
                                                strtok_r(data_com3_IN,"(",&token_buff);
..\Src\LogSD.c(2173): warning:  #167-D: argument of type "char *" is incompatible with parameter of type "unsigned char *"
        SendGSMTrans(&cmd[14][0], strlen(&cmd[14][0])); 
..\Src\LogSD.c(2187): warning:  #167-D: argument of type "char *" is incompatible with parameter of type "unsigned char *"
                        SendGSM(&cmd[i][0], strlen(&cmd[i][0]));
..\Src\LogSD.c(2193): warning:  #167-D: argument of type "char *" is incompatible with parameter of type "unsigned char *"
        SendGSM(sist, strlen(sist));
..\Src\LogSD.c(2198): warning:  #167-D: argument of type "char *" is incompatible with parameter of type "unsigned char *"
        SendGSM(&cmd[17][0], strlen(&cmd[17][0])); 
..\Src\LogSD.c(2200): warning:  #167-D: argument of type "char *" is incompatible with parameter of type "unsigned char *"
        SendGSM(&cmd[17][0], strlen(&cmd[17][0])); 
..\Src\LogSD.c(2205): warning:  #167-D: argument of type "unsigned char *" is incompatible with parameter of type "char *"
                if(atoi((char*)strtok_r(data_com3_IN," ",&token_buff)) == 550)
..\Src\LogSD.c(2219): warning:  #167-D: argument of type "char *" is incompatible with parameter of type "unsigned char *"
        SendGSM(&cmd[22][0], strlen(&cmd[22][0]));
..\Src\LogSD.c(2222): warning:  #167-D: argument of type "char *" is incompatible with parameter of type "unsigned char *"
        SendGSMTrans(&cmd[14][0], strlen(&cmd[14][0])); 
..\Src\LogSD.c(2226): warning:  #167-D: argument of type "char *" is incompatible with parameter of type "unsigned char *"
        SendGSM(&cmd[15][0], strlen(&cmd[15][0]));
..\Src\LogSD.c(2231): warning:  #167-D: argument of type "char *" is incompatible with parameter of type "unsigned char *"
                SendGSM(sist3, strlen(sist3));
..\Src\LogSD.c(2293): warning:  #167-D: argument of type "int *" is incompatible with parameter of type "UINT *"
                                f_err2 = f_read(&file2, buf123, 512,&c);
..\Src\LogSD.c(2336): warning:  #167-D: argument of type "char *" is incompatible with parameter of type "unsigned char *"
        SendGSMTrans(&cmd[14][0], strlen(&cmd[14][0])); 
..\Src\LogSD.c(2341): warning:  #167-D: argument of type "char *" is incompatible with parameter of type "unsigned char *"
        SendGSM(&cmd[16][0], strlen(&cmd[16][0])); 
..\Src\LogSD.c(2346): warning:  #167-D: argument of type "char *" is incompatible with parameter of type "unsigned char *"
        SendGSM(sist, strlen(sist));
..\Src\LogSD.c(2349): warning:  #167-D: argument of type "char *" is incompatible with parameter of type "unsigned char *"
        SendGSM(&cmd[17][0], strlen(&cmd[17][0])); 
..\Src\LogSD.c(2351): warning:  #167-D: argument of type "char *" is incompatible with parameter of type "unsigned char *"
        SendGSM(&cmd[17][0], strlen(&cmd[17][0])); 
..\Src\LogSD.c(2355): warning:  #167-D: argument of type "unsigned char *" is incompatible with parameter of type "char *"
                strtok_r(data_com3_IN," ",&token_buff);
..\Src\LogSD.c(2367): warning:  #167-D: argument of type "char *" is incompatible with parameter of type "unsigned char *"
        SendGSM(QUIT, strlen(QUIT));
..\Src\LogSD.c(2370): warning:  #167-D: argument of type "char *" is incompatible with parameter of type "unsigned char *"
        SendGSMTrans(&cmd[14][0], strlen(&cmd[14][0])); 
..\Src\LogSD.c(2374): warning:  #167-D: argument of type "char *" is incompatible with parameter of type "unsigned char *"
        SendGSM(&cmd[13][0], strlen(&cmd[13][0])); 
..\Src\LogSD.c(2072): warning:  #177-D: variable "len" was declared but never referenced
        char len, exist = 0;
..\Src\LogSD.c(2073): warning:  #177-D: variable "buf2" was declared but never referenced
        unsigned char buf2[20], error = 0, flagE = 0;
..\Src\LogSD.c(2073): warning:  #177-D: variable "flagE" was declared but never referenced
        unsigned char buf2[20], error = 0, flagE = 0;
..\Src\LogSD.c(2077): warning:  #177-D: variable "OK" was declared but never referenced
        char* OK;
..\Src\LogSD.c(2078): warning:  #177-D: variable "cmgf" was declared but never referenced
        char *cmgf="at+cmgf=1";
..\Src\LogSD.c(2079): warning:  #177-D: variable "cmee" was declared but never referenced
        char *cmee = "at+cmee=1";
..\Src\LogSD.c(2080): warning:  #177-D: variable "cfun" was declared but never referenced
        char *cfun = "at+cfun=1";
..\Src\LogSD.c(2081): warning:  #177-D: variable "sxrat" was declared but never referenced
        char *sxrat = "at^sxrat=2";
..\Src\LogSD.c(2084): warning:  #177-D: variable "ate" was declared but never referenced
        char *ate = "ATE0";
..\Src\LogSD.c(2089): warning:  #177-D: variable "USER" was declared but never referenced
        char* USER = "USER npptik_nir";
..\Src\LogSD.c(2090): warning:  #177-D: variable "PASS" was declared but never referenced
        char* PASS = "PASS iF0wUAqhD4o0wuBmtH0J";
..\Src\LogSD.c(2091): warning:  #177-D: variable "SYST" was declared but never referenced
        char* SYST = "SYST";
..\Src\LogSD.c(2092): warning:  #177-D: variable "FEAT" was declared but never referenced
        char* FEAT = "FEAT";
..\Src\LogSD.c(2406): warning:  #167-D: argument of type "char *" is incompatible with parameter of type "unsigned char *"
        SendGSM(cmdDel, strlen(cmdDel));
..\Src\LogSD.c(2412): warning:  #167-D: argument of type "unsigned char *" is incompatible with parameter of type "const char *"
                if(strstr(data_com3_IN, "OK")!=0)
..\Src\LogSD.c(2416): warning:  #167-D: argument of type "unsigned char *" is incompatible with parameter of type "const char *"
                else if(strstr(data_com3_IN, "ERROR")!=0)
..\Src\LogSD.c(2470): warning:  #167-D: argument of type "char *" is incompatible with parameter of type "unsigned char *"
        SendGSM(cmgf, strlen(cmgf));
..\Src\LogSD.c(2472): warning:  #167-D: argument of type "char *" is incompatible with parameter of type "unsigned char *"
        SendGSM(cmee, strlen(cmee));
..\Src\LogSD.c(2474): warning:  #167-D: argument of type "char *" is incompatible with parameter of type "unsigned char *"
        SendGSM(ate, strlen(ate));
..\Src\LogSD.c(2479): warning:  #167-D: argument of type "char *" is incompatible with parameter of type "unsigned char *"
        SendGSM(&cmd[i][0], strlen(&cmd[i][0]));
..\Src\LogSD.c(2483): warning:  #167-D: argument of type "char *" is incompatible with parameter of type "unsigned char *"
        SendGSM(&cmd[20][0], strlen(&cmd[20][0])); 
..\Src\LogSD.c(2490): warning:  #167-D: argument of type "unsigned char *" is incompatible with parameter of type "const char *"
                if(((strstr(data_com3_IN, "SIS: 5,0,2100,\"FGET: boot.bin\"")!=0)||(strstr(data_com3_IN, "SIS: 5,0,2100,\"fget boot.bin\"")!=0))&&(strstr(data_com3_IN, "Goodbye")!=0))
..\Src\LogSD.c(2490): warning:  #167-D: argument of type "unsigned char *" is incompatible with parameter of type "const char *"
                if(((strstr(data_com3_IN, "SIS: 5,0,2100,\"FGET: boot.bin\"")!=0)||(strstr(data_com3_IN, "SIS: 5,0,2100,\"fget boot.bin\"")!=0))&&(strstr(data_com3_IN, "Goodbye")!=0))
..\Src\LogSD.c(2490): warning:  #167-D: argument of type "unsigned char *" is incompatible with parameter of type "const char *"
                if(((strstr(data_com3_IN, "SIS: 5,0,2100,\"FGET: boot.bin\"")!=0)||(strstr(data_com3_IN, "SIS: 5,0,2100,\"fget boot.bin\"")!=0))&&(strstr(data_com3_IN, "Goodbye")!=0))
..\Src\LogSD.c(2495): warning:  #167-D: argument of type "unsigned char *" is incompatible with parameter of type "const char *"
                else if(strstr(data_com3_IN, "ERROR")!=0)
..\Src\LogSD.c(2508): warning:  #167-D: argument of type "char *" is incompatible with parameter of type "unsigned char *"
        SendGSM(&cmd[23][0], strlen(&cmd[23][0])); 
..\Src\LogSD.c(2435): warning:  #177-D: variable "cfun" was declared but never referenced
        char *cfun = "at+cfun=1";
..\Src\LogSD.c(2436): warning:  #177-D: variable "sxrat" was declared but never referenced
        char *sxrat = "at^sxrat=2";
..\Src\LogSD.c(2437): warning:  #177-D: variable "sist" was declared but never referenced
        char *sist = "at^sist=5";
..\Src\LogSD.c(2439): warning:  #177-D: variable "scfg" was declared but never referenced
        char *scfg = "at+creg=2";
..\Src\LogSD.c(2440): warning:  #177-D: variable "creg" was declared but never referenced
        char *creg = "at+creg?";
..\Src\LogSD.c(2556): warning:  #167-D: argument of type "uint8_t *" is incompatible with parameter of type "char *"
                                        fgsm_read(buf,bytes);
..\Src\LogSD.c(2603): warning:  #167-D: argument of type "char *" is incompatible with parameter of type "unsigned char *"
        SendGSM(cmdSize, strlen(cmdSize));
..\Src\LogSD.c(2609): warning:  #167-D: argument of type "unsigned char *" is incompatible with parameter of type "const char *"
                if(strstr(data_com3_IN, "OK")!=0)
..\Src\LogSD.c(2611): warning:  #167-D: argument of type "unsigned char *" is incompatible with parameter of type "const char *"
                        return atoi(&data_com3_IN[9]);
..\Src\LogSD.c(2613): warning:  #167-D: argument of type "unsigned char *" is incompatible with parameter of type "const char *"
                else if(strstr(data_com3_IN, "ERROR")!=0)
..\Src\LogSD.c(2633): warning:  #167-D: argument of type "char *" is incompatible with parameter of type "unsigned char *"
                SendGSM(cmdOpen, strlen(cmdOpen));
..\Src\LogSD.c(2638): warning:  #167-D: argument of type "unsigned char *" is incompatible with parameter of type "const char *"
                if(strstr(data_com3_IN, "OK")!=0)
..\Src\LogSD.c(2642): warning:  #167-D: argument of type "unsigned char *" is incompatible with parameter of type "const char *"
                else if(strstr(data_com3_IN, "ERROR")!=0)
..\Src\LogSD.c(2664): warning:  #167-D: argument of type "char *" is incompatible with parameter of type "unsigned char *"
                SendGSM(cmdRead, strlen(cmdRead));
..\Src\LogSD.c(2670): warning:  #167-D: argument of type "unsigned char *" is incompatible with parameter of type "const char *"
                if(strstr(&data_com3_IN[len+slen], "OK\r\n")!=0)
..\Src\LogSD.c(2675): warning:  #167-D: argument of type "unsigned char *" is incompatible with parameter of type "const char *"
                else if(strstr(data_com3_IN, "\r\nERROR\r\n")!=0)
..\Src\LogSD.c(2695): warning:  #167-D: argument of type "char *" is incompatible with parameter of type "unsigned char *"
                SendGSM(fgclose, strlen(fgclose));
..\Src\LogSD.c(2700): warning:  #167-D: argument of type "unsigned char *" is incompatible with parameter of type "const char *"
                if(strstr(data_com3_IN, "OK")!=0)
..\Src\LogSD.c(2704): warning:  #167-D: argument of type "unsigned char *" is incompatible with parameter of type "const char *"
                else if(strstr(data_com3_IN, "ERROR")!=0)
..\Src\LogSD.c(2725): warning:  #177-D: variable "time" was declared but never referenced
        unsigned short int a,b,c, time;
..\Src\LogSD.c(2726): warning:  #177-D: variable "ad1" was declared but never referenced
        u32_t ad1,ad2;
..\Src\LogSD.c(2726): warning:  #177-D: variable "ad2" was declared but never referenced
        u32_t ad1,ad2;
..\Src\LogSD.c: 142 warnings, 0 errors
linking...
Program Size: Code=139304 RO-data=356844 RW-data=1528 ZI-data=118288  
FromELF: creating hex file...
After Build - User command #1: C:\Keil_v5\\ARM\ARMCC\bin\fromelf.exe --bin --output=BB2.bin .\BB2\BB2.axf
".\BB2\BB2.axf" - 0 Error(s), 142 Warning(s).

<h2>Software Packages used:</h2>

Package Vendor: ARM
                http://www.keil.com/pack/ARM.CMSIS.4.2.0.pack
                ARM::CMSIS:CORE:3.40.0
                CMSIS (Cortex Microcontroller Software Interface Standard)
   * Component: CORE Version: 3.40.0

<h2>Collection of Component include folders:</h2>
  D:\Repos\TIK-REG\MDK-ARM\RTE
  C:\Keil_v5\ARM\PACK\ARM\CMSIS\4.2.0\CMSIS\Include
  C:\Keil_v5\ARM\PACK\Keil\STM32F4xx_DFP\2.11.0

<h2>Collection of Component Files used:</h2>

   * Component: ARM::CMSIS:CORE:3.40.0
      Source file:   CMSIS\UserCodeTemplates\ARM\ITM_Retarget.c
</pre>
</body>
</html>
